2026-02-26T15:12:43.389+05:30  INFO 17020 --- [14_Spring_Test_Logs_and_API_Docs] [main] o.e.s.Application                        : Starting Application using Java 24.0.1 with PID 17020 (C:\Lectures\Batch\GDSE73\AAD\Spring\SpringFramework73\14_Spring_Test_Logs_and_API_Docs\target\classes started by USER in C:\Lectures\Batch\GDSE73\AAD\Spring\SpringFramework73)
2026-02-26T15:12:43.395+05:30  INFO 17020 --- [14_Spring_Test_Logs_and_API_Docs] [main] o.e.s.Application                        : No active profile set, falling back to 1 default profile: "default"
2026-02-26T15:12:44.400+05:30  INFO 17020 --- [14_Spring_Test_Logs_and_API_Docs] [main] .s.d.r.c.RepositoryConfigurationDelegate : Bootstrapping Spring Data JPA repositories in DEFAULT mode.
2026-02-26T15:12:44.484+05:30  INFO 17020 --- [14_Spring_Test_Logs_and_API_Docs] [main] .s.d.r.c.RepositoryConfigurationDelegate : Finished Spring Data repository scanning in 68 ms. Found 1 JPA repository interface.
2026-02-26T15:12:45.050+05:30  INFO 17020 --- [14_Spring_Test_Logs_and_API_Docs] [main] o.s.boot.tomcat.TomcatWebServer          : Tomcat initialized with port 8080 (http)
2026-02-26T15:12:45.068+05:30  INFO 17020 --- [14_Spring_Test_Logs_and_API_Docs] [main] o.apache.catalina.core.StandardService   : Starting service [Tomcat]
2026-02-26T15:12:45.069+05:30  INFO 17020 --- [14_Spring_Test_Logs_and_API_Docs] [main] o.apache.catalina.core.StandardEngine    : Starting Servlet engine: [Apache Tomcat/11.0.18]
2026-02-26T15:12:45.147+05:30  INFO 17020 --- [14_Spring_Test_Logs_and_API_Docs] [main] b.w.c.s.WebApplicationContextInitializer : Root WebApplicationContext: initialization completed in 1674 ms
2026-02-26T15:12:45.348+05:30  INFO 17020 --- [14_Spring_Test_Logs_and_API_Docs] [main] com.zaxxer.hikari.HikariDataSource       : HikariPool-1 - Starting...
2026-02-26T15:12:45.601+05:30  INFO 17020 --- [14_Spring_Test_Logs_and_API_Docs] [main] com.zaxxer.hikari.pool.HikariPool        : HikariPool-1 - Added connection conn0: url=jdbc:h2:mem:208f65ce-d5da-4351-8cfb-6625a7354a45 user=SA
2026-02-26T15:12:45.603+05:30  INFO 17020 --- [14_Spring_Test_Logs_and_API_Docs] [main] com.zaxxer.hikari.HikariDataSource       : HikariPool-1 - Start completed.
2026-02-26T15:12:45.656+05:30  INFO 17020 --- [14_Spring_Test_Logs_and_API_Docs] [main] org.hibernate.orm.jpa                    : HHH008540: Processing PersistenceUnitInfo [name: default]
2026-02-26T15:12:45.724+05:30  INFO 17020 --- [14_Spring_Test_Logs_and_API_Docs] [main] org.hibernate.orm.core                   : HHH000001: Hibernate ORM core version 7.2.4.Final
2026-02-26T15:12:46.316+05:30  INFO 17020 --- [14_Spring_Test_Logs_and_API_Docs] [main] o.s.o.j.p.SpringPersistenceUnitInfo      : No LoadTimeWeaver setup: ignoring JPA class transformer
2026-02-26T15:12:46.415+05:30  INFO 17020 --- [14_Spring_Test_Logs_and_API_Docs] [main] org.hibernate.orm.connections.pooling    : HHH10001005: Database info:
	Database JDBC URL [jdbc:h2:mem:208f65ce-d5da-4351-8cfb-6625a7354a45]
	Database driver: H2 JDBC Driver
	Database dialect: H2Dialect
	Database version: 2.4.240
	Default catalog/schema: 208F65CE-D5DA-4351-8CFB-6625A7354A45/PUBLIC
	Autocommit mode: undefined/unknown
	Isolation level: READ_COMMITTED [default READ_COMMITTED]
	JDBC fetch size: 100
	Pool: DataSourceConnectionProvider
	Minimum pool size: undefined/unknown
	Maximum pool size: undefined/unknown
2026-02-26T15:12:47.184+05:30  INFO 17020 --- [14_Spring_Test_Logs_and_API_Docs] [main] org.hibernate.orm.core                   : HHH000489: No JTA platform available (set 'hibernate.transaction.jta.platform' to enable JTA platform integration)
2026-02-26T15:12:47.215+05:30  INFO 17020 --- [14_Spring_Test_Logs_and_API_Docs] [main] j.LocalContainerEntityManagerFactoryBean : Initialized JPA EntityManagerFactory for persistence unit 'default'
2026-02-26T15:12:47.335+05:30  INFO 17020 --- [14_Spring_Test_Logs_and_API_Docs] [main] o.s.d.j.r.query.QueryEnhancerFactories   : Hibernate is in classpath; If applicable, HQL parser will be used.
2026-02-26T15:12:47.494+05:30  WARN 17020 --- [14_Spring_Test_Logs_and_API_Docs] [main] JpaBaseConfiguration$JpaWebConfiguration : spring.jpa.open-in-view is enabled by default. Therefore, database queries may be performed during view rendering. Explicitly configure spring.jpa.open-in-view to disable this warning
2026-02-26T15:12:47.901+05:30  INFO 17020 --- [14_Spring_Test_Logs_and_API_Docs] [main] o.s.boot.tomcat.TomcatWebServer          : Tomcat started on port 8080 (http) with context path '/'
2026-02-26T15:12:47.909+05:30  INFO 17020 --- [14_Spring_Test_Logs_and_API_Docs] [main] o.e.s.Application                        : Started Application in 5.256 seconds (process running for 5.898)
2026-02-26T15:13:00.710+05:30  INFO 17020 --- [14_Spring_Test_Logs_and_API_Docs] [http-nio-8080-exec-2] o.a.c.c.C.[Tomcat].[localhost].[/]       : Initializing Spring DispatcherServlet 'dispatcherServlet'
2026-02-26T15:13:00.710+05:30  INFO 17020 --- [14_Spring_Test_Logs_and_API_Docs] [http-nio-8080-exec-2] o.s.web.servlet.DispatcherServlet        : Initializing Servlet 'dispatcherServlet'
2026-02-26T15:13:00.711+05:30  INFO 17020 --- [14_Spring_Test_Logs_and_API_Docs] [http-nio-8080-exec-2] o.s.web.servlet.DispatcherServlet        : Completed initialization in 1 ms
2026-02-26T15:13:00.886+05:30  INFO 17020 --- [14_Spring_Test_Logs_and_API_Docs] [http-nio-8080-exec-2] o.e.s.controller.ProductController       : Saving product
2026-02-26T15:13:00.886+05:30  WARN 17020 --- [14_Spring_Test_Logs_and_API_Docs] [http-nio-8080-exec-2] o.e.s.controller.ProductController       : Warning log
2026-02-26T15:13:00.886+05:30 ERROR 17020 --- [14_Spring_Test_Logs_and_API_Docs] [http-nio-8080-exec-2] o.e.s.controller.ProductController       : Warning log
2026-02-26T15:14:00.839+05:30  INFO 17020 --- [14_Spring_Test_Logs_and_API_Docs] [http-nio-8080-exec-4] o.e.s.controller.ProductController       : getAll
2026-02-26T15:20:46.494+05:30  INFO 17020 --- [14_Spring_Test_Logs_and_API_Docs] [SpringApplicationShutdownHook] o.s.boot.tomcat.GracefulShutdown         : Commencing graceful shutdown. Waiting for active requests to complete
2026-02-26T15:20:46.501+05:30  INFO 17020 --- [14_Spring_Test_Logs_and_API_Docs] [tomcat-shutdown] o.s.boot.tomcat.GracefulShutdown         : Graceful shutdown complete
2026-02-26T15:20:46.504+05:30  INFO 17020 --- [14_Spring_Test_Logs_and_API_Docs] [SpringApplicationShutdownHook] j.LocalContainerEntityManagerFactoryBean : Closing JPA EntityManagerFactory for persistence unit 'default'
2026-02-26T15:20:46.508+05:30  INFO 17020 --- [14_Spring_Test_Logs_and_API_Docs] [SpringApplicationShutdownHook] com.zaxxer.hikari.HikariDataSource       : HikariPool-1 - Shutdown initiated...
2026-02-26T15:20:46.510+05:30  INFO 17020 --- [14_Spring_Test_Logs_and_API_Docs] [SpringApplicationShutdownHook] com.zaxxer.hikari.HikariDataSource       : HikariPool-1 - Shutdown completed.
2026-02-26T15:20:53.178+05:30  INFO 16352 --- [14_Spring_Test_Logs_and_API_Docs] [main] o.e.s.Application                        : Starting Application using Java 24.0.1 with PID 16352 (C:\Lectures\Batch\GDSE73\AAD\Spring\SpringFramework73\14_Spring_Test_Logs_and_API_Docs\target\classes started by USER in C:\Lectures\Batch\GDSE73\AAD\Spring\SpringFramework73)
2026-02-26T15:20:53.183+05:30  INFO 16352 --- [14_Spring_Test_Logs_and_API_Docs] [main] o.e.s.Application                        : No active profile set, falling back to 1 default profile: "default"
2026-02-26T15:20:54.632+05:30  INFO 16352 --- [14_Spring_Test_Logs_and_API_Docs] [main] .s.d.r.c.RepositoryConfigurationDelegate : Bootstrapping Spring Data JPA repositories in DEFAULT mode.
2026-02-26T15:20:54.723+05:30  INFO 16352 --- [14_Spring_Test_Logs_and_API_Docs] [main] .s.d.r.c.RepositoryConfigurationDelegate : Finished Spring Data repository scanning in 75 ms. Found 1 JPA repository interface.
2026-02-26T15:20:55.552+05:30  INFO 16352 --- [14_Spring_Test_Logs_and_API_Docs] [main] o.s.boot.tomcat.TomcatWebServer          : Tomcat initialized with port 8080 (http)
2026-02-26T15:20:55.575+05:30  INFO 16352 --- [14_Spring_Test_Logs_and_API_Docs] [main] o.apache.catalina.core.StandardService   : Starting service [Tomcat]
2026-02-26T15:20:55.575+05:30  INFO 16352 --- [14_Spring_Test_Logs_and_API_Docs] [main] o.apache.catalina.core.StandardEngine    : Starting Servlet engine: [Apache Tomcat/11.0.18]
2026-02-26T15:20:55.695+05:30  INFO 16352 --- [14_Spring_Test_Logs_and_API_Docs] [main] b.w.c.s.WebApplicationContextInitializer : Root WebApplicationContext: initialization completed in 2421 ms
2026-02-26T15:20:56.017+05:30  INFO 16352 --- [14_Spring_Test_Logs_and_API_Docs] [main] com.zaxxer.hikari.HikariDataSource       : HikariPool-1 - Starting...
2026-02-26T15:20:56.366+05:30  INFO 16352 --- [14_Spring_Test_Logs_and_API_Docs] [main] com.zaxxer.hikari.pool.HikariPool        : HikariPool-1 - Added connection conn0: url=jdbc:h2:mem:b057290a-457b-4dc7-a5b3-8f91d9d59e1f user=SA
2026-02-26T15:20:56.369+05:30  INFO 16352 --- [14_Spring_Test_Logs_and_API_Docs] [main] com.zaxxer.hikari.HikariDataSource       : HikariPool-1 - Start completed.
2026-02-26T15:20:56.430+05:30  INFO 16352 --- [14_Spring_Test_Logs_and_API_Docs] [main] org.hibernate.orm.jpa                    : HHH008540: Processing PersistenceUnitInfo [name: default]
2026-02-26T15:20:56.527+05:30  INFO 16352 --- [14_Spring_Test_Logs_and_API_Docs] [main] org.hibernate.orm.core                   : HHH000001: Hibernate ORM core version 7.2.4.Final
2026-02-26T15:20:57.610+05:30  INFO 16352 --- [14_Spring_Test_Logs_and_API_Docs] [main] o.s.o.j.p.SpringPersistenceUnitInfo      : No LoadTimeWeaver setup: ignoring JPA class transformer
2026-02-26T15:20:57.692+05:30  INFO 16352 --- [14_Spring_Test_Logs_and_API_Docs] [main] org.hibernate.orm.connections.pooling    : HHH10001005: Database info:
	Database JDBC URL [jdbc:h2:mem:b057290a-457b-4dc7-a5b3-8f91d9d59e1f]
	Database driver: H2 JDBC Driver
	Database dialect: H2Dialect
	Database version: 2.4.240
	Default catalog/schema: B057290A-457B-4DC7-A5B3-8F91D9D59E1F/PUBLIC
	Autocommit mode: undefined/unknown
	Isolation level: READ_COMMITTED [default READ_COMMITTED]
	JDBC fetch size: 100
	Pool: DataSourceConnectionProvider
	Minimum pool size: undefined/unknown
	Maximum pool size: undefined/unknown
2026-02-26T15:20:58.609+05:30  INFO 16352 --- [14_Spring_Test_Logs_and_API_Docs] [main] org.hibernate.orm.core                   : HHH000489: No JTA platform available (set 'hibernate.transaction.jta.platform' to enable JTA platform integration)
2026-02-26T15:20:58.699+05:30  INFO 16352 --- [14_Spring_Test_Logs_and_API_Docs] [main] j.LocalContainerEntityManagerFactoryBean : Initialized JPA EntityManagerFactory for persistence unit 'default'
2026-02-26T15:20:58.838+05:30  INFO 16352 --- [14_Spring_Test_Logs_and_API_Docs] [main] o.s.d.j.r.query.QueryEnhancerFactories   : Hibernate is in classpath; If applicable, HQL parser will be used.
2026-02-26T15:20:59.156+05:30  WARN 16352 --- [14_Spring_Test_Logs_and_API_Docs] [main] JpaBaseConfiguration$JpaWebConfiguration : spring.jpa.open-in-view is enabled by default. Therefore, database queries may be performed during view rendering. Explicitly configure spring.jpa.open-in-view to disable this warning
2026-02-26T15:20:59.920+05:30  INFO 16352 --- [14_Spring_Test_Logs_and_API_Docs] [main] o.s.boot.tomcat.TomcatWebServer          : Tomcat started on port 8080 (http) with context path '/'
2026-02-26T15:20:59.934+05:30  INFO 16352 --- [14_Spring_Test_Logs_and_API_Docs] [main] o.e.s.Application                        : Started Application in 7.588 seconds (process running for 8.416)
2026-02-26T15:20:59.940+05:30  WARN 16352 --- [14_Spring_Test_Logs_and_API_Docs] [main] o.s.core.events.SpringDocAppInitializer  : SpringDoc /v3/api-docs endpoint is enabled by default. To disable it in production, set the property 'springdoc.api-docs.enabled=false'
2026-02-26T15:20:59.941+05:30  WARN 16352 --- [14_Spring_Test_Logs_and_API_Docs] [main] o.s.core.events.SpringDocAppInitializer  : SpringDoc /swagger-ui.html endpoint is enabled by default. To disable it in production, set the property 'springdoc.swagger-ui.enabled=false'
2026-02-26T15:21:36.144+05:30  INFO 16352 --- [14_Spring_Test_Logs_and_API_Docs] [http-nio-8080-exec-1] o.a.c.c.C.[Tomcat].[localhost].[/]       : Initializing Spring DispatcherServlet 'dispatcherServlet'
2026-02-26T15:21:36.145+05:30  INFO 16352 --- [14_Spring_Test_Logs_and_API_Docs] [http-nio-8080-exec-1] o.s.web.servlet.DispatcherServlet        : Initializing Servlet 'dispatcherServlet'
2026-02-26T15:21:36.146+05:30  INFO 16352 --- [14_Spring_Test_Logs_and_API_Docs] [http-nio-8080-exec-1] o.s.web.servlet.DispatcherServlet        : Completed initialization in 1 ms
2026-02-26T15:21:36.826+05:30  INFO 16352 --- [14_Spring_Test_Logs_and_API_Docs] [http-nio-8080-exec-10] o.springdoc.api.AbstractOpenApiResource  : Init duration for springdoc-openapi is: 268 ms
